# rMonitor capture EXCERPT — lines 2690-3120 of a capture that began at
# 2026-09-12T14:10:03.522Z against the feed at 192.168.10.28:50000.
# This window runs 14:32:33-14:34:58 and holds the only flag round trip on
# record: green, 109s of yellow, green again. Trimmed because the parent
# capture is 24MB; force-added past the `captures/*.log` ignore rule so the
# observation is verifiable from the repository.
2026-09-12T14:32:33.102Z $F,10,"00:00:00","15:32:33","00:00:45","Green "
2026-09-12T14:32:34.096Z $F,10,"00:00:00","15:32:34","00:00:46","Green "
2026-09-12T14:32:35.091Z $F,10,"00:00:00","15:32:35","00:00:47","Green "
2026-09-12T14:32:36.099Z $F,10,"00:00:00","15:32:36","00:00:48","Green "
2026-09-12T14:32:37.090Z $F,10,"00:00:00","15:32:37","00:00:49","Green "
2026-09-12T14:32:38.098Z $F,10,"00:00:00","15:32:38","00:00:50","Green "
2026-09-12T14:32:39.092Z $F,10,"00:00:00","15:32:39","00:00:51","Green "
2026-09-12T14:32:40.101Z $F,10,"00:00:00","15:32:40","00:00:52","Green "
2026-09-12T14:32:41.092Z $F,10,"00:00:00","15:32:41","00:00:53","Green "
2026-09-12T14:32:42.102Z $F,10,"00:00:00","15:32:42","00:00:54","Green "
2026-09-12T14:32:43.095Z $F,10,"00:00:00","15:32:43","00:00:55","Green "
2026-09-12T14:32:44.108Z $F,10,"00:00:00","15:32:44","00:00:56","Green "
2026-09-12T14:32:45.094Z $F,10,"00:00:00","15:32:45","00:00:57","Green "
2026-09-12T14:32:46.103Z $F,10,"00:00:00","15:32:46","00:00:58","Green "
2026-09-12T14:32:47.080Z $F,10,"00:00:00","15:32:47","00:00:59","Green "
2026-09-12T14:32:48.104Z $F,10,"00:00:00","15:32:48","00:01:00","Green "
2026-09-12T14:32:49.094Z $F,10,"00:00:00","15:32:49","00:01:01","Green "
2026-09-12T14:32:50.092Z $F,10,"00:00:00","15:32:50","00:01:02","Green "
2026-09-12T14:32:51.093Z $F,10,"00:00:00","15:32:51","00:01:03","Green "
2026-09-12T14:32:52.101Z $F,10,"00:00:00","15:32:52","00:01:04","Green "
2026-09-12T14:32:53.095Z $F,10,"00:00:00","15:32:53","00:01:05","Green "
2026-09-12T14:32:54.104Z $F,10,"00:00:00","15:32:54","00:01:06","Green "
2026-09-12T14:32:55.097Z $F,10,"00:00:00","15:32:55","00:01:07","Green "
2026-09-12T14:32:56.091Z $F,10,"00:00:00","15:32:56","00:01:08","Green "
2026-09-12T14:32:57.096Z $F,10,"00:00:00","15:32:57","00:01:09","Green "
2026-09-12T14:32:58.089Z $F,10,"00:00:00","15:32:58","00:01:10","Green "
2026-09-12T14:32:59.092Z $F,10,"00:00:00","15:32:59","00:01:11","Green "
2026-09-12T14:32:59.927Z $F,9,"00:00:00","15:32:59","00:01:11","Yellow"
2026-09-12T14:32:59.929Z $J,"733","00:01:07.984","00:01:11.603"
2026-09-12T14:32:59.929Z $G,1,"733",1,"00:01:11.603"
2026-09-12T14:32:59.929Z $H,1,"733",1,"00:01:07.984"
2026-09-12T14:33:00.104Z $F,9,"00:00:00","15:33:00","00:01:12","Yellow"
2026-09-12T14:33:01.080Z $J,"6","00:01:08.959","00:01:12.774"
2026-09-12T14:33:01.084Z $G,2,"6",1,"00:01:12.774"
2026-09-12T14:33:01.084Z $H,2,"6",1,"00:01:08.959"
2026-09-12T14:33:01.101Z $F,9,"00:00:00","15:33:01","00:01:13","Yellow"
2026-09-12T14:33:02.103Z $F,9,"00:00:00","15:33:02","00:01:14","Yellow"
2026-09-12T14:33:03.108Z $F,9,"00:00:00","15:33:03","00:01:15","Yellow"
2026-09-12T14:33:04.092Z $F,9,"00:00:00","15:33:04","00:01:16","Yellow"
2026-09-12T14:33:05.102Z $F,9,"00:00:00","15:33:05","00:01:17","Yellow"
2026-09-12T14:33:05.553Z $J,"13","00:01:12.917","00:01:17.106"
2026-09-12T14:33:05.554Z $G,3,"13",1,"00:01:17.106"
2026-09-12T14:33:05.554Z $H,3,"13",1,"00:01:12.917"
2026-09-12T14:33:05.902Z $G,4,"7",,"00:00:03.863"
2026-09-12T14:33:05.905Z $G,5,"55",,"00:00:04.047"
2026-09-12T14:33:05.905Z $G,6,"2",,"00:00:04.150"
2026-09-12T14:33:05.905Z $H,4,"7",0,"00:00:00.000"
2026-09-12T14:33:05.905Z $H,5,"55",0,"00:00:00.000"
2026-09-12T14:33:05.905Z $H,6,"2",0,"00:00:00.000"
2026-09-12T14:33:05.933Z $J,"305","00:01:12.653","00:01:17.599"
2026-09-12T14:33:05.935Z $G,4,"305",1,"00:01:17.599"
2026-09-12T14:33:05.935Z $H,3,"305",1,"00:01:12.653"
2026-09-12T14:33:06.103Z $F,9,"00:00:00","15:33:06","00:01:18","Yellow"
2026-09-12T14:33:06.289Z $G,5,"7",,"00:00:03.863"
2026-09-12T14:33:06.290Z $G,6,"55",,"00:00:04.047"
2026-09-12T14:33:06.290Z $G,7,"2",,"00:00:04.150"
2026-09-12T14:33:06.290Z $G,8,"85",,"00:00:04.370"
2026-09-12T14:33:06.290Z $G,9,"67",,"00:00:04.548"
2026-09-12T14:33:06.290Z $H,5,"7",0,"00:00:00.000"
2026-09-12T14:33:06.290Z $H,6,"55",0,"00:00:00.000"
2026-09-12T14:33:06.290Z $H,4,"13",1,"00:01:12.917"
2026-09-12T14:33:06.290Z $H,7,"2",0,"00:00:00.000"
2026-09-12T14:33:06.290Z $H,8,"85",0,"00:00:00.000"
2026-09-12T14:33:06.290Z $H,9,"67",0,"00:00:00.000"
2026-09-12T14:33:06.722Z $J,"9","00:01:12.915","00:01:18.401"
2026-09-12T14:33:06.723Z $G,5,"9",1,"00:01:18.401"
2026-09-12T14:33:06.723Z $H,4,"9",1,"00:01:12.915"
2026-09-12T14:33:07.094Z $G,6,"7",,"00:00:03.863"
2026-09-12T14:33:07.095Z $G,7,"55",,"00:00:04.047"
2026-09-12T14:33:07.095Z $G,8,"2",,"00:00:04.150"
2026-09-12T14:33:07.095Z $G,9,"85",,"00:00:04.370"
2026-09-12T14:33:07.095Z $G,10,"67",,"00:00:04.548"
2026-09-12T14:33:07.095Z $G,11,"12",,"00:00:05.111"
2026-09-12T14:33:07.095Z $G,13,"97",,"00:00:05.453"
2026-09-12T14:33:07.095Z $G,12,"68",,"00:00:05.137"
2026-09-12T14:33:07.095Z $H,6,"7",0,"00:00:00.000"
2026-09-12T14:33:07.096Z $H,7,"55",0,"00:00:00.000"
2026-09-12T14:33:07.096Z $H,5,"13",1,"00:01:12.917"
2026-09-12T14:33:07.096Z $H,8,"2",0,"00:00:00.000"
2026-09-12T14:33:07.096Z $H,9,"85",0,"00:00:00.000"
2026-09-12T14:33:07.096Z $H,10,"67",0,"00:00:00.000"
2026-09-12T14:33:07.096Z $H,11,"12",0,"00:00:00.000"
2026-09-12T14:33:07.096Z $H,13,"97",0,"00:00:00.000"
2026-09-12T14:33:07.096Z $H,12,"68",0,"00:00:00.000"
2026-09-12T14:33:07.096Z $F,9,"00:00:00","15:33:07","00:01:19","Yellow"
2026-09-12T14:33:07.189Z $J,"12","00:01:13.759","00:01:18.870"
2026-09-12T14:33:07.194Z $G,6,"12",1,"00:01:18.870"
2026-09-12T14:33:07.194Z $H,6,"12",1,"00:01:13.759"
2026-09-12T14:33:07.490Z $G,7,"7",,"00:00:03.863"
2026-09-12T14:33:07.492Z $G,8,"55",,"00:00:04.047"
2026-09-12T14:33:07.492Z $G,9,"2",,"00:00:04.150"
2026-09-12T14:33:07.492Z $G,10,"85",,"00:00:04.370"
2026-09-12T14:33:07.492Z $G,11,"67",,"00:00:04.548"
2026-09-12T14:33:07.492Z $H,7,"7",0,"00:00:00.000"
2026-09-12T14:33:07.492Z $H,8,"55",0,"00:00:00.000"
2026-09-12T14:33:07.492Z $H,9,"2",0,"00:00:00.000"
2026-09-12T14:33:07.492Z $H,10,"85",0,"00:00:00.000"
2026-09-12T14:33:07.492Z $H,11,"67",0,"00:00:00.000"
2026-09-12T14:33:07.760Z $J,"68","00:01:14.173","00:01:19.310"
2026-09-12T14:33:07.761Z $G,7,"68",1,"00:01:19.310"
2026-09-12T14:33:07.761Z $H,7,"68",1,"00:01:14.173"
2026-09-12T14:33:08.094Z $G,8,"7",,"00:00:03.863"
2026-09-12T14:33:08.096Z $G,9,"55",,"00:00:04.047"
2026-09-12T14:33:08.096Z $G,10,"2",,"00:00:04.150"
2026-09-12T14:33:08.096Z $G,11,"85",,"00:00:04.370"
2026-09-12T14:33:08.096Z $G,12,"67",,"00:00:04.548"
2026-09-12T14:33:08.096Z $H,8,"7",0,"00:00:00.000"
2026-09-12T14:33:08.096Z $H,9,"55",0,"00:00:00.000"
2026-09-12T14:33:08.096Z $H,10,"2",0,"00:00:00.000"
2026-09-12T14:33:08.096Z $H,11,"85",0,"00:00:00.000"
2026-09-12T14:33:08.096Z $H,12,"67",0,"00:00:00.000"
2026-09-12T14:33:08.096Z $F,9,"00:00:00","15:33:08","00:01:20","Yellow"
2026-09-12T14:33:08.351Z $J,"71","00:01:14.034","00:01:20.014"
2026-09-12T14:33:08.366Z $G,8,"71",1,"00:01:20.014"
2026-09-12T14:33:08.366Z $H,7,"71",1,"00:01:14.034"
2026-09-12T14:33:08.702Z $G,9,"7",,"00:00:03.863"
2026-09-12T14:33:08.704Z $G,10,"55",,"00:00:04.047"
2026-09-12T14:33:08.704Z $G,11,"2",,"00:00:04.150"
2026-09-12T14:33:08.704Z $G,12,"85",,"00:00:04.370"
2026-09-12T14:33:08.704Z $G,13,"67",,"00:00:04.548"
2026-09-12T14:33:08.704Z $G,14,"97",,"00:00:05.453"
2026-09-12T14:33:08.704Z $G,15,"27",,"00:00:05.597"
2026-09-12T14:33:08.704Z $H,9,"7",0,"00:00:00.000"
2026-09-12T14:33:08.704Z $H,10,"55",0,"00:00:00.000"
2026-09-12T14:33:08.704Z $H,11,"2",0,"00:00:00.000"
2026-09-12T14:33:08.704Z $H,12,"85",0,"00:00:00.000"
2026-09-12T14:33:08.704Z $H,13,"67",0,"00:00:00.000"
2026-09-12T14:33:08.704Z $H,14,"97",0,"00:00:00.000"
2026-09-12T14:33:08.704Z $H,8,"68",1,"00:01:14.173"
2026-09-12T14:33:08.704Z $H,15,"27",0,"00:00:00.000"
2026-09-12T14:33:09.102Z $F,9,"00:00:00","15:33:09","00:01:21","Yellow"
2026-09-12T14:33:09.334Z $J,"97","00:01:15.542","00:01:20.995"
2026-09-12T14:33:09.341Z $G,9,"97",1,"00:01:20.995"
2026-09-12T14:33:09.342Z $H,9,"97",1,"00:01:15.542"
2026-09-12T14:33:09.692Z $G,10,"7",,"00:00:03.863"
2026-09-12T14:33:09.694Z $G,11,"55",,"00:00:04.047"
2026-09-12T14:33:09.694Z $G,12,"2",,"00:00:04.150"
2026-09-12T14:33:09.694Z $G,13,"85",,"00:00:04.370"
2026-09-12T14:33:09.694Z $G,14,"67",,"00:00:04.548"
2026-09-12T14:33:09.694Z $H,10,"7",0,"00:00:00.000"
2026-09-12T14:33:09.694Z $H,11,"55",0,"00:00:00.000"
2026-09-12T14:33:09.694Z $H,12,"2",0,"00:00:00.000"
2026-09-12T14:33:09.694Z $H,13,"85",0,"00:00:00.000"
2026-09-12T14:33:09.694Z $H,14,"67",0,"00:00:00.000"
2026-09-12T14:33:10.092Z $F,9,"00:00:00","15:33:10","00:01:22","Yellow"
2026-09-12T14:33:10.461Z $J,"67","00:01:17.624","00:01:22.172"
2026-09-12T14:33:10.463Z $G,10,"67",1,"00:01:22.172"
2026-09-12T14:33:10.463Z $H,10,"67",1,"00:01:17.624"
2026-09-12T14:33:10.702Z $G,11,"7",,"00:00:03.863"
2026-09-12T14:33:10.703Z $G,12,"55",,"00:00:04.047"
2026-09-12T14:33:10.703Z $G,13,"2",,"00:00:04.150"
2026-09-12T14:33:10.703Z $G,14,"85",,"00:00:04.370"
2026-09-12T14:33:10.703Z $H,11,"7",0,"00:00:00.000"
2026-09-12T14:33:10.703Z $H,12,"55",0,"00:00:00.000"
2026-09-12T14:33:10.703Z $H,13,"2",0,"00:00:00.000"
2026-09-12T14:33:10.703Z $H,14,"85",0,"00:00:00.000"
2026-09-12T14:33:11.098Z $F,9,"00:00:00","15:33:11","00:01:23","Yellow"
2026-09-12T14:33:11.531Z $J,"77","00:01:16.582","00:01:23.222"
2026-09-12T14:33:11.534Z $G,11,"77",1,"00:01:23.222"
2026-09-12T14:33:11.534Z $H,10,"77",1,"00:01:16.582"
2026-09-12T14:33:11.703Z $H,11,"67",1,"00:01:17.624"
2026-09-12T14:33:11.880Z $G,12,"7",,"00:00:03.863"
2026-09-12T14:33:11.885Z $G,13,"55",,"00:00:04.047"
2026-09-12T14:33:11.885Z $G,14,"2",,"00:00:04.150"
2026-09-12T14:33:11.885Z $G,15,"85",,"00:00:04.370"
2026-09-12T14:33:11.885Z $G,16,"27",,"00:00:05.597"
2026-09-12T14:33:11.885Z $G,17,"24",,"00:00:06.020"
2026-09-12T14:33:11.885Z $G,19,"51",,"00:00:06.463"
2026-09-12T14:33:11.885Z $G,18,"94",,"00:00:06.458"
2026-09-12T14:33:11.885Z $H,12,"7",0,"00:00:00.000"
2026-09-12T14:33:11.885Z $H,13,"55",0,"00:00:00.000"
2026-09-12T14:33:11.885Z $H,14,"2",0,"00:00:00.000"
2026-09-12T14:33:11.885Z $H,15,"85",0,"00:00:00.000"
2026-09-12T14:33:11.885Z $H,16,"27",0,"00:00:00.000"
2026-09-12T14:33:11.885Z $H,17,"24",0,"00:00:00.000"
2026-09-12T14:33:11.885Z $H,19,"51",0,"00:00:00.000"
2026-09-12T14:33:11.885Z $H,18,"94",0,"00:00:00.000"
2026-09-12T14:33:12.102Z $F,9,"00:00:00","15:33:12","00:01:24","Yellow"
2026-09-12T14:33:12.458Z $J,"94","00:01:17.681","00:01:24.139"
2026-09-12T14:33:12.459Z $G,12,"94",1,"00:01:24.139"
2026-09-12T14:33:12.459Z $H,12,"94",1,"00:01:17.681"
2026-09-12T14:33:12.697Z $G,13,"7",,"00:00:03.863"
2026-09-12T14:33:12.699Z $G,14,"55",,"00:00:04.047"
2026-09-12T14:33:12.699Z $G,15,"2",,"00:00:04.150"
2026-09-12T14:33:12.699Z $G,16,"85",,"00:00:04.370"
2026-09-12T14:33:12.699Z $G,17,"27",,"00:00:05.597"
2026-09-12T14:33:12.699Z $G,18,"24",,"00:00:06.020"
2026-09-12T14:33:12.699Z $H,13,"7",0,"00:00:00.000"
2026-09-12T14:33:12.699Z $H,14,"55",0,"00:00:00.000"
2026-09-12T14:33:12.699Z $H,15,"2",0,"00:00:00.000"
2026-09-12T14:33:12.699Z $H,16,"85",0,"00:00:00.000"
2026-09-12T14:33:12.699Z $H,17,"27",0,"00:00:00.000"
2026-09-12T14:33:12.699Z $H,18,"24",0,"00:00:00.000"
2026-09-12T14:33:13.096Z $F,9,"00:00:00","15:33:13","00:01:25","Yellow"
2026-09-12T14:33:13.272Z $J,"24","00:01:18.928","00:01:24.948"
2026-09-12T14:33:13.273Z $G,13,"24",1,"00:01:24.948"
2026-09-12T14:33:13.273Z $H,13,"24",1,"00:01:18.928"
2026-09-12T14:33:13.500Z $G,14,"7",,"00:00:03.863"
2026-09-12T14:33:13.501Z $G,15,"55",,"00:00:04.047"
2026-09-12T14:33:13.501Z $G,16,"2",,"00:00:04.150"
2026-09-12T14:33:13.501Z $G,17,"85",,"00:00:04.370"
2026-09-12T14:33:13.501Z $G,18,"27",,"00:00:05.597"
2026-09-12T14:33:13.501Z $H,14,"7",0,"00:00:00.000"
2026-09-12T14:33:13.501Z $H,15,"55",0,"00:00:00.000"
2026-09-12T14:33:13.501Z $H,16,"2",0,"00:00:00.000"
2026-09-12T14:33:13.501Z $H,17,"85",0,"00:00:00.000"
2026-09-12T14:33:13.501Z $H,18,"27",0,"00:00:00.000"
2026-09-12T14:33:13.733Z $J,"27","00:01:19.809","00:01:25.406"
2026-09-12T14:33:13.735Z $G,14,"27",1,"00:01:25.406"
2026-09-12T14:33:13.735Z $H,14,"27",1,"00:01:19.809"
2026-09-12T14:33:14.085Z $G,15,"7",,"00:00:03.863"
2026-09-12T14:33:14.087Z $G,16,"55",,"00:00:04.047"
2026-09-12T14:33:14.087Z $G,17,"2",,"00:00:04.150"
2026-09-12T14:33:14.087Z $G,18,"85",,"00:00:04.370"
2026-09-12T14:33:14.087Z $H,15,"7",0,"00:00:00.000"
2026-09-12T14:33:14.087Z $H,16,"55",0,"00:00:00.000"
2026-09-12T14:33:14.087Z $H,17,"2",0,"00:00:00.000"
2026-09-12T14:33:14.087Z $H,18,"85",0,"00:00:00.000"
2026-09-12T14:33:14.100Z $F,9,"00:00:00","15:33:14","00:01:26","Yellow"
2026-09-12T14:33:14.614Z $J,"51","00:01:19.863","00:01:26.326"
2026-09-12T14:33:14.627Z $G,15,"51",1,"00:01:26.326"
2026-09-12T14:33:14.628Z $H,15,"51",1,"00:01:19.863"
2026-09-12T14:33:14.899Z $G,16,"7",,"00:00:03.863"
2026-09-12T14:33:14.901Z $G,17,"55",,"00:00:04.047"
2026-09-12T14:33:14.901Z $G,18,"2",,"00:00:04.150"
2026-09-12T14:33:14.901Z $G,19,"85",,"00:00:04.370"
2026-09-12T14:33:14.901Z $H,16,"7",0,"00:00:00.000"
2026-09-12T14:33:14.901Z $H,17,"55",0,"00:00:00.000"
2026-09-12T14:33:14.901Z $H,18,"2",0,"00:00:00.000"
2026-09-12T14:33:14.901Z $H,19,"85",0,"00:00:00.000"
2026-09-12T14:33:15.092Z $F,9,"00:00:00","15:33:15","00:01:27","Yellow"
2026-09-12T14:33:15.374Z $J,"85","00:01:22.653","00:01:27.023"
2026-09-12T14:33:15.375Z $G,16,"85",1,"00:01:27.023"
2026-09-12T14:33:15.375Z $H,16,"85",1,"00:01:22.653"
2026-09-12T14:33:15.703Z $G,17,"7",,"00:00:03.863"
2026-09-12T14:33:15.705Z $G,18,"55",,"00:00:04.047"
2026-09-12T14:33:15.705Z $G,19,"2",,"00:00:04.150"
2026-09-12T14:33:15.705Z $H,17,"7",0,"00:00:00.000"
2026-09-12T14:33:15.705Z $H,18,"55",0,"00:00:00.000"
2026-09-12T14:33:15.705Z $H,19,"2",0,"00:00:00.000"
2026-09-12T14:33:16.102Z $F,9,"00:00:00","15:33:16","00:01:28","Yellow"
2026-09-12T14:33:16.406Z $J,"5","00:01:20.652","00:01:27.961"
2026-09-12T14:33:16.409Z $G,17,"5",1,"00:01:27.961"
2026-09-12T14:33:16.409Z $H,16,"5",1,"00:01:20.652"
2026-09-12T14:33:16.502Z $H,16,"85",1,"00:01:22.653"
2026-09-12T14:33:16.503Z $H,16,"5",1,"00:01:20.652"
2026-09-12T14:33:16.703Z $G,18,"7",,"00:00:03.863"
2026-09-12T14:33:16.705Z $G,19,"55",,"00:00:04.047"
2026-09-12T14:33:16.705Z $G,20,"2",,"00:00:04.150"
2026-09-12T14:33:16.705Z $H,18,"7",0,"00:00:00.000"
2026-09-12T14:33:16.705Z $H,19,"55",0,"00:00:00.000"
2026-09-12T14:33:16.705Z $H,20,"2",0,"00:00:00.000"
2026-09-12T14:33:16.705Z $H,17,"85",1,"00:01:22.653"
2026-09-12T14:33:17.095Z $F,9,"00:00:00","15:33:17","00:01:29","Yellow"
2026-09-12T14:33:17.305Z $J,"17","00:01:21.254","00:01:28.981"
2026-09-12T14:33:17.306Z $G,18,"17",1,"00:01:28.981"
2026-09-12T14:33:17.306Z $H,17,"17",1,"00:01:21.254"
2026-09-12T14:33:17.694Z $G,19,"7",,"00:00:03.863"
2026-09-12T14:33:17.696Z $G,20,"55",,"00:00:04.047"
2026-09-12T14:33:17.696Z $G,21,"2",,"00:00:04.150"
2026-09-12T14:33:17.696Z $H,19,"7",0,"00:00:00.000"
2026-09-12T14:33:17.696Z $H,20,"55",0,"00:00:00.000"
2026-09-12T14:33:17.696Z $H,21,"2",0,"00:00:00.000"
2026-09-12T14:33:17.696Z $H,18,"85",1,"00:01:22.653"
2026-09-12T14:33:18.101Z $F,9,"00:00:00","15:33:18","00:01:30","Yellow"
2026-09-12T14:33:18.308Z $J,"44","00:01:22.162","00:01:29.904"
2026-09-12T14:33:18.310Z $G,19,"44",1,"00:01:29.904"
2026-09-12T14:33:18.310Z $H,18,"44",1,"00:01:22.162"
2026-09-12T14:33:18.693Z $G,20,"7",,"00:00:03.863"
2026-09-12T14:33:18.695Z $G,21,"55",,"00:00:04.047"
2026-09-12T14:33:18.695Z $G,22,"2",,"00:00:04.150"
2026-09-12T14:33:18.695Z $H,20,"7",0,"00:00:00.000"
2026-09-12T14:33:18.695Z $H,21,"55",0,"00:00:00.000"
2026-09-12T14:33:18.695Z $H,22,"2",0,"00:00:00.000"
2026-09-12T14:33:18.695Z $H,19,"85",1,"00:01:22.653"
2026-09-12T14:33:19.096Z $F,9,"00:00:00","15:33:19","00:01:31","Yellow"
2026-09-12T14:33:20.090Z $F,9,"00:00:00","15:33:20","00:01:32","Yellow"
2026-09-12T14:33:21.096Z $F,9,"00:00:00","15:33:21","00:01:33","Yellow"
2026-09-12T14:33:22.097Z $F,9,"00:00:00","15:33:22","00:01:34","Yellow"
2026-09-12T14:33:23.105Z $F,9,"00:00:00","15:33:23","00:01:35","Yellow"
2026-09-12T14:33:24.100Z $F,9,"00:00:00","15:33:24","00:01:36","Yellow"
2026-09-12T14:33:25.103Z $F,9,"00:00:00","15:33:25","00:01:37","Yellow"
2026-09-12T14:33:26.100Z $F,9,"00:00:00","15:33:26","00:01:38","Yellow"
2026-09-12T14:33:27.094Z $F,9,"00:00:00","15:33:27","00:01:39","Yellow"
2026-09-12T14:33:28.105Z $F,9,"00:00:00","15:33:28","00:01:40","Yellow"
2026-09-12T14:33:29.094Z $F,9,"00:00:00","15:33:29","00:01:41","Yellow"
2026-09-12T14:33:30.101Z $F,9,"00:00:00","15:33:30","00:01:42","Yellow"
2026-09-12T14:33:31.094Z $F,9,"00:00:00","15:33:31","00:01:43","Yellow"
2026-09-12T14:33:32.103Z $F,9,"00:00:00","15:33:32","00:01:44","Yellow"
2026-09-12T14:33:33.096Z $F,9,"00:00:00","15:33:33","00:01:45","Yellow"
2026-09-12T14:33:34.104Z $F,9,"00:00:00","15:33:34","00:01:46","Yellow"
2026-09-12T14:33:35.096Z $F,9,"00:00:00","15:33:35","00:01:47","Yellow"
2026-09-12T14:33:36.087Z $F,9,"00:00:00","15:33:36","00:01:48","Yellow"
2026-09-12T14:33:37.095Z $F,9,"00:00:00","15:33:37","00:01:49","Yellow"
2026-09-12T14:33:38.105Z $F,9,"00:00:00","15:33:38","00:01:50","Yellow"
2026-09-12T14:33:39.095Z $F,9,"00:00:00","15:33:39","00:01:51","Yellow"
2026-09-12T14:33:40.090Z $F,9,"00:00:00","15:33:40","00:01:52","Yellow"
2026-09-12T14:33:41.099Z $F,9,"00:00:00","15:33:41","00:01:53","Yellow"
2026-09-12T14:33:42.092Z $F,9,"00:00:00","15:33:42","00:01:54","Yellow"
2026-09-12T14:33:43.100Z $F,9,"00:00:00","15:33:43","00:01:55","Yellow"
2026-09-12T14:33:44.094Z $F,9,"00:00:00","15:33:44","00:01:56","Yellow"
2026-09-12T14:33:45.104Z $F,9,"00:00:00","15:33:45","00:01:57","Yellow"
2026-09-12T14:33:46.096Z $F,9,"00:00:00","15:33:46","00:01:58","Yellow"
2026-09-12T14:33:47.104Z $F,9,"00:00:00","15:33:47","00:01:59","Yellow"
2026-09-12T14:33:48.087Z $F,9,"00:00:00","15:33:48","00:02:00","Yellow"
2026-09-12T14:33:49.094Z $F,9,"00:00:00","15:33:49","00:02:01","Yellow"
2026-09-12T14:33:50.100Z $F,9,"00:00:00","15:33:50","00:02:02","Yellow"
2026-09-12T14:33:51.094Z $F,9,"00:00:00","15:33:51","00:02:03","Yellow"
2026-09-12T14:33:51.787Z $J,"2","00:01:59.343","00:02:03.493"
2026-09-12T14:33:51.789Z $G,20,"2",1,"00:02:03.493"
2026-09-12T14:33:51.789Z $H,20,"2",1,"00:01:59.343"
2026-09-12T14:33:52.090Z $G,21,"7",,"00:00:03.863"
2026-09-12T14:33:52.092Z $G,22,"55",,"00:00:04.047"
2026-09-12T14:33:52.092Z $H,21,"7",0,"00:00:00.000"
2026-09-12T14:33:52.092Z $H,22,"55",0,"00:00:00.000"
2026-09-12T14:33:52.092Z $F,9,"00:00:00","15:33:52","00:02:04","Yellow"
2026-09-12T14:33:53.103Z $F,9,"00:00:00","15:33:53","00:02:05","Yellow"
2026-09-12T14:33:54.100Z $F,9,"00:00:00","15:33:54","00:02:06","Yellow"
2026-09-12T14:33:55.091Z $F,9,"00:00:00","15:33:55","00:02:07","Yellow"
2026-09-12T14:33:56.099Z $F,9,"00:00:00","15:33:56","00:02:08","Yellow"
2026-09-12T14:33:57.083Z $F,9,"00:00:00","15:33:57","00:02:09","Yellow"
2026-09-12T14:33:58.093Z $F,9,"00:00:00","15:33:58","00:02:10","Yellow"
2026-09-12T14:33:59.101Z $F,9,"00:00:00","15:33:59","00:02:11","Yellow"
2026-09-12T14:34:00.096Z $F,9,"00:00:00","15:34:00","00:02:12","Yellow"
2026-09-12T14:34:01.097Z $F,9,"00:00:00","15:34:01","00:02:13","Yellow"
2026-09-12T14:34:02.092Z $F,9,"00:00:00","15:34:02","00:02:14","Yellow"
2026-09-12T14:34:03.101Z $F,9,"00:00:00","15:34:03","00:02:15","Yellow"
2026-09-12T14:34:04.103Z $F,9,"00:00:00","15:34:04","00:02:16","Yellow"
2026-09-12T14:34:05.099Z $F,9,"00:00:00","15:34:05","00:02:17","Yellow"
2026-09-12T14:34:06.104Z $F,9,"00:00:00","15:34:06","00:02:18","Yellow"
2026-09-12T14:34:07.082Z $F,9,"00:00:00","15:34:07","00:02:19","Yellow"
2026-09-12T14:34:08.105Z $F,9,"00:00:00","15:34:08","00:02:20","Yellow"
2026-09-12T14:34:09.097Z $F,9,"00:00:00","15:34:09","00:02:21","Yellow"
2026-09-12T14:34:10.095Z $F,9,"00:00:00","15:34:10","00:02:22","Yellow"
2026-09-12T14:34:11.092Z $F,9,"00:00:00","15:34:11","00:02:23","Yellow"
2026-09-12T14:34:12.100Z $F,9,"00:00:00","15:34:12","00:02:24","Yellow"
2026-09-12T14:34:13.093Z $F,9,"00:00:00","15:34:13","00:02:25","Yellow"
2026-09-12T14:34:14.089Z $F,9,"00:00:00","15:34:14","00:02:26","Yellow"
2026-09-12T14:34:15.093Z $F,9,"00:00:00","15:34:15","00:02:27","Yellow"
2026-09-12T14:34:16.104Z $F,9,"00:00:00","15:34:16","00:02:28","Yellow"
2026-09-12T14:34:17.096Z $F,9,"00:00:00","15:34:17","00:02:29","Yellow"
2026-09-12T14:34:18.106Z $F,9,"00:00:00","15:34:18","00:02:30","Yellow"
2026-09-12T14:34:19.101Z $F,9,"00:00:00","15:34:19","00:02:31","Yellow"
2026-09-12T14:34:20.093Z $F,9,"00:00:00","15:34:20","00:02:32","Yellow"
2026-09-12T14:34:21.022Z $F,9,"00:00:00","15:34:21","00:02:33","Yellow"
2026-09-12T14:34:22.097Z $F,9,"00:00:00","15:34:22","00:02:34","Yellow"
2026-09-12T14:34:23.101Z $F,9,"00:00:00","15:34:23","00:02:35","Yellow"
2026-09-12T14:34:24.097Z $F,9,"00:00:00","15:34:24","00:02:36","Yellow"
2026-09-12T14:34:25.091Z $F,9,"00:00:00","15:34:25","00:02:37","Yellow"
2026-09-12T14:34:26.103Z $F,9,"00:00:00","15:34:26","00:02:38","Yellow"
2026-09-12T14:34:27.105Z $F,9,"00:00:00","15:34:27","00:02:39","Yellow"
2026-09-12T14:34:28.099Z $F,9,"00:00:00","15:34:28","00:02:40","Yellow"
2026-09-12T14:34:29.080Z $F,9,"00:00:00","15:34:29","00:02:41","Yellow"
2026-09-12T14:34:30.087Z $F,9,"00:00:00","15:34:30","00:02:42","Yellow"
2026-09-12T14:34:31.080Z $F,9,"00:00:00","15:34:31","00:02:43","Yellow"
2026-09-12T14:34:32.101Z $F,9,"00:00:00","15:34:32","00:02:44","Yellow"
2026-09-12T14:34:33.093Z $F,9,"00:00:00","15:34:33","00:02:45","Yellow"
2026-09-12T14:34:34.105Z $F,9,"00:00:00","15:34:34","00:02:46","Yellow"
2026-09-12T14:34:35.099Z $F,9,"00:00:00","15:34:35","00:02:47","Yellow"
2026-09-12T14:34:36.091Z $F,9,"00:00:00","15:34:36","00:02:48","Yellow"
2026-09-12T14:34:37.103Z $F,9,"00:00:00","15:34:37","00:02:49","Yellow"
2026-09-12T14:34:38.094Z $F,9,"00:00:00","15:34:38","00:02:50","Yellow"
2026-09-12T14:34:39.092Z $F,9,"00:00:00","15:34:39","00:02:51","Yellow"
2026-09-12T14:34:40.125Z $F,9,"00:00:00","15:34:40","00:02:52","Yellow"
2026-09-12T14:34:41.092Z $F,9,"00:00:00","15:34:41","00:02:53","Yellow"
2026-09-12T14:34:42.095Z $F,9,"00:00:00","15:34:42","00:02:54","Yellow"
2026-09-12T14:34:43.104Z $F,9,"00:00:00","15:34:43","00:02:55","Yellow"
2026-09-12T14:34:44.097Z $F,9,"00:00:00","15:34:44","00:02:56","Yellow"
2026-09-12T14:34:45.107Z $F,9,"00:00:00","15:34:45","00:02:57","Yellow"
2026-09-12T14:34:46.098Z $F,9,"00:00:00","15:34:46","00:02:58","Yellow"
2026-09-12T14:34:47.094Z $F,9,"00:00:00","15:34:47","00:02:59","Yellow"
2026-09-12T14:34:48.105Z $F,9,"00:00:00","15:34:48","00:03:00","Green "
2026-09-12T14:34:48.570Z $F,8,"00:00:00","15:34:48","00:03:00","Green "
2026-09-12T14:34:48.585Z $J,"733","00:01:48.612","00:03:00.215"
2026-09-12T14:34:48.587Z $G,1,"733",2,"00:03:00.215"
2026-09-12T14:34:48.587Z $H,1,"733",1,"00:01:07.984"
2026-09-12T14:34:48.999Z $J,"6","00:01:47.840","00:03:00.614"
2026-09-12T14:34:49.001Z $G,2,"6",2,"00:03:00.614"
2026-09-12T14:34:49.001Z $H,2,"6",1,"00:01:08.959"
2026-09-12T14:34:49.108Z $F,8,"00:00:00","15:34:49","00:03:01","Green "
2026-09-12T14:34:49.288Z $J,"13","00:01:43.914","00:03:01.020"
2026-09-12T14:34:49.289Z $G,3,"13",2,"00:03:01.020"
2026-09-12T14:34:49.289Z $H,5,"13",1,"00:01:12.917"
2026-09-12T14:34:49.544Z $J,"305","00:01:43.592","00:03:01.191"
2026-09-12T14:34:49.546Z $G,4,"305",2,"00:03:01.191"
2026-09-12T14:34:49.546Z $H,3,"305",1,"00:01:12.653"
2026-09-12T14:34:50.101Z $F,8,"00:00:00","15:34:50","00:03:02","Green "
2026-09-12T14:34:50.437Z $J,"9","00:01:43.658","00:03:02.059"
2026-09-12T14:34:50.439Z $G,5,"9",2,"00:03:02.059"
2026-09-12T14:34:50.439Z $H,4,"9",1,"00:01:12.915"
2026-09-12T14:34:50.917Z $J,"12","00:01:43.794","00:03:02.664"
2026-09-12T14:34:50.919Z $G,6,"12",2,"00:03:02.664"
2026-09-12T14:34:50.919Z $H,6,"12",1,"00:01:13.759"
2026-09-12T14:34:51.061Z $J,"68","00:01:43.385","00:03:02.695"
2026-09-12T14:34:51.063Z $G,7,"68",2,"00:03:02.695"
2026-09-12T14:34:51.063Z $H,8,"68",1,"00:01:14.173"
2026-09-12T14:34:51.095Z $F,8,"00:00:00","15:34:51","00:03:03","Green "
2026-09-12T14:34:51.350Z $J,"71","00:01:42.978","00:03:02.992"
2026-09-12T14:34:51.365Z $G,8,"71",2,"00:03:02.992"
2026-09-12T14:34:51.365Z $H,7,"71",1,"00:01:14.034"
2026-09-12T14:34:51.686Z $J,"97","00:01:42.419","00:03:03.414"
2026-09-12T14:34:51.688Z $G,9,"97",2,"00:03:03.414"
2026-09-12T14:34:51.688Z $H,9,"97",1,"00:01:15.542"
2026-09-12T14:34:51.958Z $J,"67","00:01:41.424","00:03:03.596"
2026-09-12T14:34:51.960Z $G,10,"67",2,"00:03:03.596"
2026-09-12T14:34:51.960Z $H,11,"67",1,"00:01:17.624"
2026-09-12T14:34:52.084Z $J,"77","00:01:40.511","00:03:03.733"
2026-09-12T14:34:52.086Z $G,11,"77",2,"00:03:03.733"
2026-09-12T14:34:52.086Z $H,10,"77",1,"00:01:16.582"
2026-09-12T14:34:52.100Z $F,8,"00:00:00","15:34:52","00:03:04","Green "
2026-09-12T14:34:52.210Z $J,"94","00:01:39.816","00:03:03.955"
2026-09-12T14:34:52.212Z $G,12,"94",2,"00:03:03.955"
2026-09-12T14:34:52.212Z $H,12,"94",1,"00:01:17.681"
2026-09-12T14:34:52.849Z $J,"24","00:01:39.632","00:03:04.580"
2026-09-12T14:34:52.851Z $G,13,"24",2,"00:03:04.580"
2026-09-12T14:34:52.851Z $H,13,"24",1,"00:01:18.928"
2026-09-12T14:34:53.094Z $F,8,"00:00:00","15:34:53","00:03:05","Green "
2026-09-12T14:34:53.478Z $J,"27","00:01:39.695","00:03:05.101"
2026-09-12T14:34:53.485Z $G,14,"27",2,"00:03:05.101"
2026-09-12T14:34:53.485Z $H,14,"27",1,"00:01:19.809"
2026-09-12T14:34:53.653Z $J,"51","00:01:38.960","00:03:05.286"
2026-09-12T14:34:53.655Z $G,15,"51",2,"00:03:05.286"
2026-09-12T14:34:53.655Z $H,15,"51",1,"00:01:19.863"
2026-09-12T14:34:53.732Z $J,"85","00:01:38.460","00:03:05.483"
2026-09-12T14:34:53.734Z $G,16,"85",2,"00:03:05.483"
2026-09-12T14:34:53.734Z $H,19,"85",1,"00:01:22.653"
2026-09-12T14:34:54.100Z $F,8,"00:00:00","15:34:54","00:03:06","Green "
2026-09-12T14:34:55.096Z $F,8,"00:00:00","15:34:55","00:03:07","Green "
2026-09-12T14:34:55.602Z $J,"5","00:01:39.293","00:03:07.254"
2026-09-12T14:34:55.604Z $G,17,"5",2,"00:03:07.254"
2026-09-12T14:34:55.604Z $H,16,"5",1,"00:01:20.652"
